// Jest Snapshot v1, https://goo.gl/fbAQLP

exports[`renders correctly 1`] = `
<DocumentFragment>
  <a
    class="Button"
    href="/add"
  >
    Add Post
  </a>
  <a
    href="/post/1"
  >
    <article
      class="Container"
    >
      <p
        class="Date"
      >
        23.08.2019
      </p>
      <h2>
        One
      </h2>
      <p />
    </article>
  </a>
  <a
    href="/post/2"
  >
    <article
      class="Container"
    >
      <p
        class="Date"
      >
        22.09.2019
      </p>
      <h2>
        Second Post
      </h2>
      <p />
    </article>
  </a>
</DocumentFragment>
`;
